// Jest Snapshot v1, https://goo.gl/fbAQLP

exports[`renders correctly 1`] = `
ShallowWrapper {
  Symbol(enzyme.__root__): [Circular],
  Symbol(enzyme.__unrendered__): <ShowCard
    myCards={
      Object {
        "bio": "I like Cats.",
        "image": "https://imgur.com/gallery/9vPpm4r",
        "link": "google.ca",
        "name": "Test",
        "pro": "Doctor",
      }
    }
  />,
  Symbol(enzyme.__renderer__): Object {
    "batchedUpdates": [Function],
    "getNode": [Function],
    "render": [Function],
    "simulateError": [Function],
    "simulateEvent": [Function],
    "unmount": [Function],
  },
  Symbol(enzyme.__node__): Object {
    "instance": null,
    "key": undefined,
    "nodeType": "function",
    "props": Object {
      "children": Array [
        <CardSectionStyle>
          <Component
            style={
              Object {
                "fontSize": 18,
                "paddingLeft": 15,
              }
            }
          >
            Doctor
             
            : 
             
            Test
          </Component>
        </CardSectionStyle>,
        <CardSectionStyle>
          <Component
            style={
              Object {
                "fontSize": 18,
                "paddingLeft": 15,
              }
            }
          >
            I like Cats.
          </Component>
        </CardSectionStyle>,
        <CardSectionStyle>
          <Component
            style={
              Object {
                "fontSize": 18,
                "paddingLeft": 15,
              }
            }
          >
            google.ca
          </Component>
        </CardSectionStyle>,
        <CardSectionStyle>
          <Component
            source={
              Object {
                "uri": "https://imgur.com/gallery/9vPpm4r",
              }
            }
            style={
              Object {
                "flex": 1,
                "height": 300,
                "width": null,
              }
            }
          />
        </CardSectionStyle>,
      ],
    },
    "ref": null,
    "rendered": Array [
      Object {
        "instance": null,
        "key": undefined,
        "nodeType": "function",
        "props": Object {
          "children": <Component
            style={
              Object {
                "fontSize": 18,
                "paddingLeft": 15,
              }
            }
          >
            Doctor
             
            : 
             
            Test
          </Component>,
        },
        "ref": null,
        "rendered": Object {
          "instance": null,
          "key": undefined,
          "nodeType": "class",
          "props": Object {
            "children": Array [
              "Doctor",
              " ",
              ": ",
              " ",
              "Test",
            ],
            "style": Object {
              "fontSize": 18,
              "paddingLeft": 15,
            },
          },
          "ref": null,
          "rendered": Array [
            "Doctor",
            " ",
            ": ",
            " ",
            "Test",
          ],
          "type": [Function],
        },
        "type": [Function],
      },
      Object {
        "instance": null,
        "key": undefined,
        "nodeType": "function",
        "props": Object {
          "children": <Component
            style={
              Object {
                "fontSize": 18,
                "paddingLeft": 15,
              }
            }
          >
            I like Cats.
          </Component>,
        },
        "ref": null,
        "rendered": Object {
          "instance": null,
          "key": undefined,
          "nodeType": "class",
          "props": Object {
            "children": "I like Cats.",
            "style": Object {
              "fontSize": 18,
              "paddingLeft": 15,
            },
          },
          "ref": null,
          "rendered": "I like Cats.",
          "type": [Function],
        },
        "type": [Function],
      },
      Object {
        "instance": null,
        "key": undefined,
        "nodeType": "function",
        "props": Object {
          "children": <Component
            style={
              Object {
                "fontSize": 18,
                "paddingLeft": 15,
              }
            }
          >
            google.ca
          </Component>,
        },
        "ref": null,
        "rendered": Object {
          "instance": null,
          "key": undefined,
          "nodeType": "class",
          "props": Object {
            "children": "google.ca",
            "style": Object {
              "fontSize": 18,
              "paddingLeft": 15,
            },
          },
          "ref": null,
          "rendered": "google.ca",
          "type": [Function],
        },
        "type": [Function],
      },
      Object {
        "instance": null,
        "key": undefined,
        "nodeType": "function",
        "props": Object {
          "children": <Component
            source={
              Object {
                "uri": "https://imgur.com/gallery/9vPpm4r",
              }
            }
            style={
              Object {
                "flex": 1,
                "height": 300,
                "width": null,
              }
            }
          />,
        },
        "ref": null,
        "rendered": Object {
          "instance": null,
          "key": undefined,
          "nodeType": "class",
          "props": Object {
            "source": Object {
              "uri": "https://imgur.com/gallery/9vPpm4r",
            },
            "style": Object {
              "flex": 1,
              "height": 300,
              "width": null,
            },
          },
          "ref": null,
          "rendered": null,
          "type": [Function],
        },
        "type": [Function],
      },
    ],
    "type": [Function],
  },
  Symbol(enzyme.__nodes__): Array [
    Object {
      "instance": null,
      "key": undefined,
      "nodeType": "function",
      "props": Object {
        "children": Array [
          <CardSectionStyle>
            <Component
              style={
                Object {
                  "fontSize": 18,
                  "paddingLeft": 15,
                }
              }
            >
              Doctor
               
              : 
               
              Test
            </Component>
          </CardSectionStyle>,
          <CardSectionStyle>
            <Component
              style={
                Object {
                  "fontSize": 18,
                  "paddingLeft": 15,
                }
              }
            >
              I like Cats.
            </Component>
          </CardSectionStyle>,
          <CardSectionStyle>
            <Component
              style={
                Object {
                  "fontSize": 18,
                  "paddingLeft": 15,
                }
              }
            >
              google.ca
            </Component>
          </CardSectionStyle>,
          <CardSectionStyle>
            <Component
              source={
                Object {
                  "uri": "https://imgur.com/gallery/9vPpm4r",
                }
              }
              style={
                Object {
                  "flex": 1,
                  "height": 300,
                  "width": null,
                }
              }
            />
          </CardSectionStyle>,
        ],
      },
      "ref": null,
      "rendered": Array [
        Object {
          "instance": null,
          "key": undefined,
          "nodeType": "function",
          "props": Object {
            "children": <Component
              style={
                Object {
                  "fontSize": 18,
                  "paddingLeft": 15,
                }
              }
            >
              Doctor
               
              : 
               
              Test
            </Component>,
          },
          "ref": null,
          "rendered": Object {
            "instance": null,
            "key": undefined,
            "nodeType": "class",
            "props": Object {
              "children": Array [
                "Doctor",
                " ",
                ": ",
                " ",
                "Test",
              ],
              "style": Object {
                "fontSize": 18,
                "paddingLeft": 15,
              },
            },
            "ref": null,
            "rendered": Array [
              "Doctor",
              " ",
              ": ",
              " ",
              "Test",
            ],
            "type": [Function],
          },
          "type": [Function],
        },
        Object {
          "instance": null,
          "key": undefined,
          "nodeType": "function",
          "props": Object {
            "children": <Component
              style={
                Object {
                  "fontSize": 18,
                  "paddingLeft": 15,
                }
              }
            >
              I like Cats.
            </Component>,
          },
          "ref": null,
          "rendered": Object {
            "instance": null,
            "key": undefined,
            "nodeType": "class",
            "props": Object {
              "children": "I like Cats.",
              "style": Object {
                "fontSize": 18,
                "paddingLeft": 15,
              },
            },
            "ref": null,
            "rendered": "I like Cats.",
            "type": [Function],
          },
          "type": [Function],
        },
        Object {
          "instance": null,
          "key": undefined,
          "nodeType": "function",
          "props": Object {
            "children": <Component
              style={
                Object {
                  "fontSize": 18,
                  "paddingLeft": 15,
                }
              }
            >
              google.ca
            </Component>,
          },
          "ref": null,
          "rendered": Object {
            "instance": null,
            "key": undefined,
            "nodeType": "class",
            "props": Object {
              "children": "google.ca",
              "style": Object {
                "fontSize": 18,
                "paddingLeft": 15,
              },
            },
            "ref": null,
            "rendered": "google.ca",
            "type": [Function],
          },
          "type": [Function],
        },
        Object {
          "instance": null,
          "key": undefined,
          "nodeType": "function",
          "props": Object {
            "children": <Component
              source={
                Object {
                  "uri": "https://imgur.com/gallery/9vPpm4r",
                }
              }
              style={
                Object {
                  "flex": 1,
                  "height": 300,
                  "width": null,
                }
              }
            />,
          },
          "ref": null,
          "rendered": Object {
            "instance": null,
            "key": undefined,
            "nodeType": "class",
            "props": Object {
              "source": Object {
                "uri": "https://imgur.com/gallery/9vPpm4r",
              },
              "style": Object {
                "flex": 1,
                "height": 300,
                "width": null,
              },
            },
            "ref": null,
            "rendered": null,
            "type": [Function],
          },
          "type": [Function],
        },
      ],
      "type": [Function],
    },
  ],
  Symbol(enzyme.__options__): Object {
    "adapter": ReactSixteenAdapter {
      "options": Object {
        "enableComponentDidUpdateOnSetState": true,
        "lifecycles": Object {
          "componentDidUpdate": Object {
            "onSetState": true,
          },
          "getDerivedStateFromProps": true,
          "getSnapshotBeforeUpdate": true,
          "setState": Object {
            "skipsComponentDidUpdateOnNullish": true,
          },
        },
      },
    },
  },
}
`;
